// Jest Snapshot v1, https://goo.gl/fbAQLP

exports[`Navbar is expected to match the snapshot 1`] = `
<div
  id="mainNav"
>
  <nav
    className="Nav"
  >
    <section>
      <img
        alt="Logo Marvel"
        className="logoQuiz"
        src="marvelLogo.png"
      />
    </section>
    <section
      id="linksDesktop"
    >
      <a
        href="https://github.com/LucasMelo18"
        rel="noopener noreferrer"
        target="_blank"
      >
        Github
      </a>
      <a
        href="https://www.linkedin.com/in/lucasmelo18/"
        rel="noopener noreferrer"
        target="_blank"
      >
        Linkedin
      </a>
      <a
        href="https://api.whatsapp.com/send?phone=5511985861957&text=Ola"
        rel="noopener noreferrer"
        target="_blank"
      >
        Whatsapp
      </a>
    </section>
  </nav>
</div>
`;
